[{"stream_name":"stderr","time":12.573398016,"data":"0.00s - Debugger warning: It seems that frozen modules are being used, which may\n"}
,{"stream_name":"stderr","time":12.57347136,"data":"0.00s - make the debugger miss breakpoints. Please pass -Xfrozen_modules=off\n"}
,{"stream_name":"stderr","time":12.573478766000001,"data":"0.00s - to python to disable frozen modules.\n"}
,{"stream_name":"stderr","time":12.573481897,"data":"0.00s - Note: Debugging will proceed. Set PYDEVD_DISABLE_FILE_VALIDATION=1 to disable this validation.\n"}
,{"stream_name":"stderr","time":13.872144064,"data":"0.00s - Debugger warning: It seems that frozen modules are being used, which may\n"}
,{"stream_name":"stderr","time":13.872188403,"data":"0.00s - make the debugger miss breakpoints. Please pass -Xfrozen_modules=off\n"}
,{"stream_name":"stderr","time":13.872281813,"data":"0.00s - to python to disable frozen modules.\n"}
,{"stream_name":"stderr","time":13.872286588,"data":"0.00s - Note: Debugging will proceed. Set PYDEVD_DISABLE_FILE_VALIDATION=1 to disable this validation.\n"}
,{"stream_name":"stdout","time":20.051157033,"data":"PyTorch Version: 2.10.0+cpu\n"}
,{"stream_name":"stdout","time":20.051311032,"data":"CUDA Available: False\n"}
,{"stream_name":"stdout","time":55.741416164,"data":"\u001b[33mWARNING: Retrying (Retry(total=4, connect=None, read=None, redirect=None, status=None)) after connection broken by 'NewConnectionError('\u003cpip._vendor.urllib3.connection.HTTPSConnection object at 0x7a8c7503f800\u003e: Failed to establish a new connection: [Errno -3] Temporary failure in name resolution')': /simple/trl/\u001b[0m\u001b[33m\r\n"}
,{"stream_name":"stdout","time":88.288795819,"data":"\u001b[0m\u001b[33mWARNING: Retrying (Retry(total=3, connect=None, read=None, redirect=None, status=None)) after connection broken by 'NewConnectionError('\u003cpip._vendor.urllib3.connection.HTTPSConnection object at 0x7a8c748826c0\u003e: Failed to establish a new connection: [Errno -3] Temporary failure in name resolution')': /simple/trl/\u001b[0m\u001b[33m\r\n"}
,{"stream_name":"stdout","time":121.263981017,"data":"\u001b[0m\u001b[33mWARNING: Retrying (Retry(total=2, connect=None, read=None, redirect=None, status=None)) after connection broken by 'NewConnectionError('\u003cpip._vendor.urllib3.connection.HTTPSConnection object at 0x7a8c74838440\u003e: Failed to establish a new connection: [Errno -3] Temporary failure in name resolution')': /simple/trl/\u001b[0m\u001b[33m\r\n"}
,{"stream_name":"stdout","time":155.304101361,"data":"\u001b[0m\u001b[33mWARNING: Retrying (Retry(total=1, connect=None, read=None, redirect=None, status=None)) after connection broken by 'NewConnectionError('\u003cpip._vendor.urllib3.connection.HTTPSConnection object at 0x7a8c7483a2d0\u003e: Failed to establish a new connection: [Errno -3] Temporary failure in name resolution')': /simple/trl/\u001b[0m\u001b[33m\r\n"}
,{"stream_name":"stdout","time":191.335814072,"data":"\u001b[0m\u001b[33mWARNING: Retrying (Retry(total=0, connect=None, read=None, redirect=None, status=None)) after connection broken by 'NewConnectionError('\u003cpip._vendor.urllib3.connection.HTTPSConnection object at 0x7a8c74839820\u003e: Failed to establish a new connection: [Errno -3] Temporary failure in name resolution')': /simple/trl/\u001b[0m\u001b[33m\r\n"}
,{"stream_name":"stdout","time":223.325237235,"data":"\u001b[0m\u001b[31mERROR: Could not find a version that satisfies the requirement trl (from versions: none)\u001b[0m\u001b[31m\r\n"}
,{"stream_name":"stdout","time":223.325275927,"data":"\u001b[0m\u001b[31mERROR: No matching distribution found for trl\u001b[0m\u001b[31m\r\n"}
,{"stream_name":"stdout","time":223.582205652,"data":"\u001b[0mPreparing VRSBench VQA \u0026 Grounding benchmark data...\n"}
,{"stream_name":"stdout","time":223.582246012,"data":"VRSBench metadata ready.\n"}
,{"stream_name":"stdout","time":266.774866865,"data":"Loading GeoChat grounding configuration...\n"}
,{"stream_name":"stdout","time":266.774915755,"data":"GeoChat LoRA Config Ready.\n"}
,{"stream_name":"stdout","time":266.824244733,"data":"  adding: satquery_geochat_lora/ (stored 0%)\r\n"}
,{"stream_name":"stdout","time":266.824285781,"data":"  adding: satquery_geochat_lora/adapter_config.json (deflated 5%)\r\n"}
,{"stream_name":"stdout","time":266.926566055,"data":"Successfully created satquery_geochat_lora.zip!\n"}
,{"stream_name":"stderr","time":272.286599275,"data":"/usr/local/lib/python3.12/dist-packages/mistune.py:435: SyntaxWarning: invalid escape sequence '\\|'\n"}
,{"stream_name":"stderr","time":272.286657698,"data":"  cells[i][c] = re.sub('\\\\\\\\\\|', '|', cell)\n"}
,{"stream_name":"stderr","time":272.539373929,"data":"/usr/local/lib/python3.12/dist-packages/nbconvert/filters/filter_links.py:36: SyntaxWarning: invalid escape sequence '\\_'\n"}
,{"stream_name":"stderr","time":272.539412741,"data":"  text = re.sub(r'_', '\\_', text) # Escape underscores in display text\n"}
,{"stream_name":"stderr","time":273.386716438,"data":"[NbConvertApp] Converting notebook __notebook__.ipynb to notebook\n"}
,{"stream_name":"stderr","time":273.826191314,"data":"[NbConvertApp] Writing 8900 bytes to __notebook__.ipynb\n"}
,{"stream_name":"stderr","time":277.398741799,"data":"[NbConvertApp] Converting notebook __notebook__.ipynb to html\n"}
,{"stream_name":"stderr","time":278.55798563,"data":"[NbConvertApp] Writing 285535 bytes to __results__.html\n"}
]