[{"stream_name":"stderr","time":8.205619044,"data":"0.00s - Debugger warning: It seems that frozen modules are being used, which may\n"}
,{"stream_name":"stderr","time":8.206769461,"data":"0.00s - make the debugger miss breakpoints. Please pass -Xfrozen_modules=off\n"}
,{"stream_name":"stderr","time":8.206776994,"data":"0.00s - to python to disable frozen modules.\n"}
,{"stream_name":"stderr","time":8.20677993,"data":"0.00s - Note: Debugging will proceed. Set PYDEVD_DISABLE_FILE_VALIDATION=1 to disable this validation.\n"}
,{"stream_name":"stderr","time":8.959839071,"data":"0.00s - Debugger warning: It seems that frozen modules are being used, which may\n"}
,{"stream_name":"stderr","time":8.959880172,"data":"0.00s - make the debugger miss breakpoints. Please pass -Xfrozen_modules=off\n"}
,{"stream_name":"stderr","time":8.959911411,"data":"0.00s - to python to disable frozen modules.\n"}
,{"stream_name":"stderr","time":8.959916521,"data":"0.00s - Note: Debugging will proceed. Set PYDEVD_DISABLE_FILE_VALIDATION=1 to disable this validation.\n"}
,{"stream_name":"stdout","time":13.495978893,"data":"PyTorch Version: 2.10.0+cpu\n"}
,{"stream_name":"stdout","time":13.496041135,"data":"CUDA Available: False\n"}
,{"stream_name":"stdout","time":48.014400186,"data":"\u001b[33mWARNING: Retrying (Retry(total=4, connect=None, read=None, redirect=None, status=None)) after connection broken by 'NewConnectionError('\u003cpip._vendor.urllib3.connection.HTTPSConnection object at 0x7bbb2c6bbbc0\u003e: Failed to establish a new connection: [Errno -3] Temporary failure in name resolution')': /simple/trl/\u001b[0m\u001b[33m\r\n"}
,{"stream_name":"stdout","time":80.544845671,"data":"\u001b[0m\u001b[33mWARNING: Retrying (Retry(total=3, connect=None, read=None, redirect=None, status=None)) after connection broken by 'NewConnectionError('\u003cpip._vendor.urllib3.connection.HTTPSConnection object at 0x7bbb2c25c5c0\u003e: Failed to establish a new connection: [Errno -3] Temporary failure in name resolution')': /simple/trl/\u001b[0m\u001b[33m\r\n"}
,{"stream_name":"stdout","time":113.578129991,"data":"\u001b[0m\u001b[33mWARNING: Retrying (Retry(total=2, connect=None, read=None, redirect=None, status=None)) after connection broken by 'NewConnectionError('\u003cpip._vendor.urllib3.connection.HTTPSConnection object at 0x7bbb2c25c8f0\u003e: Failed to establish a new connection: [Errno -3] Temporary failure in name resolution')': /simple/trl/\u001b[0m\u001b[33m\r\n"}
,{"stream_name":"stdout","time":147.55286569,"data":"\u001b[0m\u001b[33mWARNING: Retrying (Retry(total=1, connect=None, read=None, redirect=None, status=None)) after connection broken by 'NewConnectionError('\u003cpip._vendor.urllib3.connection.HTTPSConnection object at 0x7bbb2c3a5df0\u003e: Failed to establish a new connection: [Errno -3] Temporary failure in name resolution')': /simple/trl/\u001b[0m\u001b[33m\r\n"}
,{"stream_name":"stdout","time":183.570991228,"data":"\u001b[0m\u001b[33mWARNING: Retrying (Retry(total=0, connect=None, read=None, redirect=None, status=None)) after connection broken by 'NewConnectionError('\u003cpip._vendor.urllib3.connection.HTTPSConnection object at 0x7bbb2c3a6180\u003e: Failed to establish a new connection: [Errno -3] Temporary failure in name resolution')': /simple/trl/\u001b[0m\u001b[33m\r\n"}
,{"stream_name":"stdout","time":215.587295596,"data":"\u001b[0m\u001b[31mERROR: Could not find a version that satisfies the requirement trl (from versions: none)\u001b[0m\u001b[31m\r\n"}
,{"stream_name":"stdout","time":215.587330434,"data":"\u001b[0m\u001b[31mERROR: No matching distribution found for trl\u001b[0m\u001b[31m\r\n"}
,{"stream_name":"stdout","time":215.795903344,"data":"\u001b[0mPreparing CDVQA bi-temporal benchmark dataset...\n"}
,{"stream_name":"stdout","time":215.795949329,"data":"CDVQA metadata ready.\n"}
,{"stream_name":"stdout","time":242.544869652,"data":"Loading VisTA bi-temporal change detection configuration...\n"}
,{"stream_name":"stdout","time":242.544955761,"data":"VisTA LoRA Config Ready.\n"}
,{"stream_name":"stdout","time":242.589991468,"data":"  adding: satquery_vista_lora/ (stored 0%)\r\n"}
,{"stream_name":"stdout","time":242.590029441,"data":"  adding: satquery_vista_lora/adapter_config.json (deflated 6%)\r\n"}
,{"stream_name":"stdout","time":242.692403777,"data":"Successfully created satquery_vista_lora.zip!\n"}
,{"stream_name":"stderr","time":248.247176032,"data":"/usr/local/lib/python3.12/dist-packages/mistune.py:435: SyntaxWarning: invalid escape sequence '\\|'\n"}
,{"stream_name":"stderr","time":248.247225459,"data":"  cells[i][c] = re.sub('\\\\\\\\\\|', '|', cell)\n"}
,{"stream_name":"stderr","time":248.449028288,"data":"/usr/local/lib/python3.12/dist-packages/nbconvert/filters/filter_links.py:36: SyntaxWarning: invalid escape sequence '\\_'\n"}
,{"stream_name":"stderr","time":248.449065736,"data":"  text = re.sub(r'_', '\\_', text) # Escape underscores in display text\n"}
,{"stream_name":"stderr","time":249.183714891,"data":"[NbConvertApp] Converting notebook __notebook__.ipynb to notebook\n"}
,{"stream_name":"stderr","time":249.572140932,"data":"[NbConvertApp] Writing 9011 bytes to __notebook__.ipynb\n"}
,{"stream_name":"stderr","time":252.572439023,"data":"[NbConvertApp] Converting notebook __notebook__.ipynb to html\n"}
,{"stream_name":"stderr","time":253.633836133,"data":"[NbConvertApp] Writing 285759 bytes to __results__.html\n"}
]